// Vitest Snapshot v1, https://vitest.dev/guide/snapshot.html

exports[`AllianceList defaults 1`] = `
"<div class="flex-block alliance-list gap---space-s" x-data="{
        alliances: [],
        alliances_ids: [],
        generate_ids() {
            this.alliances_ids = this.alliances.map(e => e.alliance_id).join(',')
        },
        
    }" x-init="generate_ids" data-astro-cid-zc5ph2vg="true" data-mod style="--flex_block_gap: var(--space-s);">  <div class="flex-inline" data-astro-cid-zc5ph2vg="true" data-astro-cid-ud5fqf5k style="--flex_inline_gap: var(--space-s);--flex_inline_justification: space-between;">  <div class="flex-block gap---space-3xs" data-astro-cid-zc5ph2vg="true" data-mod style="--flex_block_gap: var(--space-3xs);">  <h2 data-astro-cid-zc5ph2vg>Alliances</h2> <small class="!mt-[var(--space-3xs)]" x-text="\`\${alliances.length} alliance\${alliances.length != 1 ? \`s\` : \`\`}\`" data-astro-cid-zc5ph2vg>0 alliances</small>  </div>   </div>   <div class="flex-block gap---space-3xs" data-astro-cid-zc5ph2vg="true" data-mod style="--flex_block_gap: var(--space-3xs);">  <template x-for="alliance in alliances" data-astro-cid-zc5ph2vg> <div class="fixed-fluid [ alliance-item ]" data-astro-cid-zc5ph2vg="true" data-mod data-astro-cid-34go4nvk style="--fixed_fluid_gap: var(--space-s);--fixed_fluid_width: 64px;--fixed_fluid_breakpoint: 50%;">  <picture data-astro-cid-zc5ph2vg> <img loading="lazy" x-bind:src="get_alliance_logo(alliance.alliance_id, 256)" width="64" height="64" alt="alliance.alt" data-astro-cid-zc5ph2vg> </picture> <div class="fluid-fixed" data-astro-cid-zc5ph2vg="true" data-mod data-astro-cid-rwsocfon style="--fixed_fluid_gap: var(--space-s);--fixed_fluid_width: 46px;--fixed_fluid_breakpoint: 60%;">  <div class="!flex !items-center" data-astro-cid-zc5ph2vg="true">  <div class="flex-block [ w-full ] gap-0" data-astro-cid-zc5ph2vg="true" data-mod style="--flex_block_gap: 0;">  <span class="truncate text-[var(--highlight)]" x-text="alliance.name" data-astro-cid-zc5ph2vg></span> <small class="truncate" x-text="alliance.members_count+' members count'" data-astro-cid-zc5ph2vg></small>  </div>   </div> <div class="!flex !items-center" data-astro-cid-zc5ph2vg="true">  </div>  </div>    </div>   </template> <p x-bind:class="{ hidden: alliances.length > 0 }" data-astro-cid-zc5ph2vg>No alliance found.</p> </div>  <input type="hidden" name="alliances" x-model="alliances_ids" data-astro-cid-zc5ph2vg>  </div>  "
`;
