// Vitest Snapshot v1, https://vitest.dev/guide/snapshot.html

exports[`AllianceBento defaults 1`] = `"<div class="flex-inline [ alliance-reel ]" padding_block="0" padding_inline="var(--space-xl)" max_width="100%" data-astro-cid-ud5fqf5k style="--flex_inline_gap: var(--space-s);--flex_inline_justification: flex-start;">  <div class="wrapper [ card component ] light-transparency" data-mod data-astro-cid-yv35cmqx style="--wrapper_padding_inline: var(--space-l-xl);--wrapper_padding_inline_end: var(--space-l-xl);--wrapper_padding_block: var(--component-padding-block);--wrapper_max_width: 700px;">   <div class="flex-block gap---space-s" data-mod style="--flex_block_gap: var(--space-s);">  <div class="flex-inline" data-astro-cid-ud5fqf5k style="--flex_inline_gap: var(--space-2xs);--flex_inline_justification: flex-start;">  <img loading="lazy" src="/images/icons/48px-CorporationIcon.png" width="48" height="48" alt="EVE Online Corporation Icon"> <h2>Corporations</h2>  </div>   <div class="flex-block gap---space-m" data-mod style="--flex_block_gap: var(--space-m);">  <p>Strong corporations build strong alliances. Learn more about the corporations, CEOs, and membership that make up the Minmatar Fleet Alliance. Perhaps you can submit an application of your own!</p> <div class="flex-inline" data-astro-cid-ud5fqf5k style="--flex_inline_gap: var(--space-s);--flex_inline_justification: flex-start;">  <a href="/alliance/corporations/list/" data-size="sm" style="--button_background_color: var(--fleet-red); --button_color: var(--fleet-yellow)" data-astro-cid-r5e2wo56="true" class="[ button ]"> <div class="flex-inline" data-astro-cid-r5e2wo56="true" data-astro-cid-ud5fqf5k style="--flex_inline_gap: var(--space-xs);--flex_inline_justification: center;">   View  </div>   </a>  <a href="/alliance/corporations/associates/" data-size="sm" style="--button_background_color: var(--fleet-red); --button_color: var(--fleet-yellow)" data-astro-cid-r5e2wo56="true" class="[ button ]"> <div class="flex-inline" data-astro-cid-r5e2wo56="true" data-astro-cid-ud5fqf5k style="--flex_inline_gap: var(--space-xs);--flex_inline_justification: center;">   Associates  </div>   </a>   </div>    </div>   </div>    </div>   <div class="wrapper [ card component ] light-transparency" data-mod data-astro-cid-yv35cmqx style="--wrapper_padding_inline: var(--space-l-xl);--wrapper_padding_inline_end: var(--space-l-xl);--wrapper_padding_block: var(--component-padding-block);--wrapper_max_width: 700px;">   <div class="flex-block gap---space-s" data-mod style="--flex_block_gap: var(--space-s);">  <div class="flex-inline" data-astro-cid-ud5fqf5k style="--flex_inline_gap: var(--space-2xs);--flex_inline_justification: flex-start;">  <img loading="lazy" src="/images/icons/48px-Grouplist.png" width="48" height="48" alt="EVE Online Group List Icon"> <h2>Special Groups of Interest</h2>  </div>   <div class="flex-block gap---space-m" data-mod style="--flex_block_gap: var(--space-m);">  <p>The purpose of SIGs is to maintain closeness in a massive sea of pilots, as described in <a target="_blank" rel="noreferrer noopener nofollow" href="https://docs.google.com/presentation/d/12W-SQUbKAVssdTkM9ixTm_uTkJiDKCXdF6SA2O0B1PQ/edit?usp=sharing">Town Hall #6</a>. Ultimately, we need to expand and create ways to maintain a close-knit feel in a large organization.</p> <div class="flex-inline" data-astro-cid-ud5fqf5k style="--flex_inline_gap: var(--space-s);--flex_inline_justification: flex-start;">  <a href="/alliance/sigs/list/" data-size="sm" style="--button_background_color: var(--fleet-red); --button_color: var(--fleet-yellow)" data-astro-cid-r5e2wo56="true" class="[ button ]"> <div class="flex-inline" data-astro-cid-r5e2wo56="true" data-astro-cid-ud5fqf5k style="--flex_inline_gap: var(--space-xs);--flex_inline_justification: center;">   View  </div>   </a>   </div>    </div>   </div>    </div>   <div class="wrapper [ card component ] light-transparency" data-mod data-astro-cid-yv35cmqx style="--wrapper_padding_inline: var(--space-l-xl);--wrapper_padding_inline_end: var(--space-l-xl);--wrapper_padding_block: var(--component-padding-block);--wrapper_max_width: 700px;">   <div class="flex-block gap---space-s" data-mod style="--flex_block_gap: var(--space-s);">  <div class="flex-inline" data-astro-cid-ud5fqf5k style="--flex_inline_gap: var(--space-2xs);--flex_inline_justification: flex-start;">  <img loading="lazy" src="/images/icons/48px-Augmentations.png" width="48" height="48" alt="EVE Online Augmentation Icon"> <h2>Teams</h2>  </div>   <div class="flex-block gap---space-m" data-mod style="--flex_block_gap: var(--space-m);">  <p>Teams are similar to special interest groups, but without them our alliance would cease to exist. These are people running things behind the curtain to ensure that weâ€™re not going to failcascade in 6 months.</p> <div class="flex-inline" data-astro-cid-ud5fqf5k style="--flex_inline_gap: var(--space-s);--flex_inline_justification: flex-start;">  <a href="/alliance/teams/list/" data-size="sm" style="--button_background_color: var(--fleet-red); --button_color: var(--fleet-yellow)" data-astro-cid-r5e2wo56="true" class="[ button ]"> <div class="flex-inline" data-astro-cid-r5e2wo56="true" data-astro-cid-ud5fqf5k style="--flex_inline_gap: var(--space-xs);--flex_inline_justification: center;">   View  </div>   </a>   </div>    </div>   </div>    </div>    </div>  "`;
