// Vitest Snapshot v1, https://vitest.dev/guide/snapshot.html

exports[`AllianceFinder defaults 1`] = `
"<div class="[ alliances_finder ]" x-data="{
        filter: '',
        show_item(el) {
            const name_container = el.querySelector('span')
            const show_item = (
                this.filter != '' &#38;&#38; name_container.textContent.toLowerCase().includes(this.filter.toLowerCase())
            )

            return show_item
        }
    }" data-astro-cid-e5qsd3eu> <div role="dialog" class="dialog solid-transparency breakout fixed [ w-full max-w-[500px] ]" x-bind:class="(alliances_finder_open ? 'open' : '')" x-bind:aria-hidden="alliances_finder_open == false" x-trap="alliances_finder_open" x-bind:inert="!alliances_finder_open" data-astro-cid-e5qsd3eu="true"> <div class="wrapper" data-mod data-astro-cid-yv35cmqx style="--wrapper_padding_inline: var(--space-m);--wrapper_padding_inline_end: var(--space-m);--wrapper_padding_block: var(--space-m);--wrapper_max_width: 80rem;">  <div class="flex-block gap---space-m" data-mod style="--flex_block_gap: var(--space-m);">   <div class="[ cover-body ]">  <div class="[ input-group ]" data-astro-cid-ovtlrinh style="--width: 100%;">  <input placeholder="Type alliance name to find" x-model="filter" data-astro-cid-e5qsd3eu="true" class="astro-ovtlrinh" data-astro-cid-ovtlrinh style="--width: 100%;"> </div>   <div class="[ relative ]" data-astro-cid-e5qsd3eu> <div class="flex-block [ alliance-list ][ light-transparency w-full ] gap-0" data-astro-cid-e5qsd3eu="true" data-mod style="--flex_block_gap: 0;"> <button type="button" alliance-finder-action="accept" alliance-finder-data="{&#34;id&#34;:1,&#34;name&#34;:&#34;Minmatar Fleet Alliance&#34;,&#34;members_count&#34;:7,&#34;alliance_id&#34;:99011978}" x-show="show_item($el)" x-on:click="(filter = '')" data-astro-cid-e5qsd3eu> <div class="fixed-fluid" data-astro-cid-e5qsd3eu="true" data-mod data-astro-cid-34go4nvk style="--fixed_fluid_gap: var(--space-s);--fixed_fluid_width: 64px;--fixed_fluid_breakpoint: 50%;">  <picture data-astro-cid-e5qsd3eu> <img loading="lazy" src="https://images.evetech.net/alliances/99011978/logo?size=64" height="64" width="64" alt="Minmatar Fleet Alliance profile picture" data-astro-cid-e5qsd3eu> </picture> <div class="!flex !items-center" data-astro-cid-e5qsd3eu="true">  <div class="flex-block [ items-start ] gap-0" data-astro-cid-e5qsd3eu="true" data-mod style="--flex_block_gap: 0;">  <span class="[ truncate ]" data-astro-cid-e5qsd3eu>Minmatar Fleet Alliance</span> <small data-astro-cid-e5qsd3eu>7 members count</small>  </div>   </div>  </div>   </button><button type="button" alliance-finder-action="accept" alliance-finder-data="{&#34;id&#34;:2,&#34;name&#34;:&#34;Ushra'Khan&#34;,&#34;members_count&#34;:11,&#34;alliance_id&#34;:1966049571}" x-show="show_item($el)" x-on:click="(filter = '')" data-astro-cid-e5qsd3eu> <div class="fixed-fluid" data-astro-cid-e5qsd3eu="true" data-mod data-astro-cid-34go4nvk style="--fixed_fluid_gap: var(--space-s);--fixed_fluid_width: 64px;--fixed_fluid_breakpoint: 50%;">  <picture data-astro-cid-e5qsd3eu> <img loading="lazy" src="https://images.evetech.net/alliances/1966049571/logo?size=64" height="64" width="64" alt="Ushra'Khan profile picture" data-astro-cid-e5qsd3eu> </picture> <div class="!flex !items-center" data-astro-cid-e5qsd3eu="true">  <div class="flex-block [ items-start ] gap-0" data-astro-cid-e5qsd3eu="true" data-mod style="--flex_block_gap: 0;">  <span class="[ truncate ]" data-astro-cid-e5qsd3eu>Ushra&#39;Khan</span> <small data-astro-cid-e5qsd3eu>11 members count</small>  </div>   </div>  </div>   </button> </div>  </div>  </div>   </div>   </div>   </div>  <div x-bind:class="(alliances_finder_open ? 'open' : '')" alliance-finder-action="close" x-on:click="(filter = '')" data-astro-cid-e5qsd3eu></div> </div> "
`;
