// Vitest Snapshot v1, https://vitest.dev/guide/snapshot.html

exports[`AllianceReel defaults 1`] = `
"<div class="wrapper [ alliance-reel ]" data-astro-cid-krrzwzg5="true" data-mod data-astro-cid-yv35cmqx style="--wrapper_padding_inline: 0;--wrapper_padding_inline_end: 0;--wrapper_padding_block: 0;--wrapper_max_width: 100%;">  <div class="[ swiper ][ w-full pb-10 ]" id="corporations-list" data-astro-cid-krrzwzg5> <div class="flex-inline [ swiper-wrapper ][ select-none ]" x-data="{
        swiper: null,
        corporation_pagination(index) {
            return this.pagination_icons[index]
        },
        init() {
            this.swiper = new Swiper('.swiper', {
                initialSlide: 0,
                slidesPerView: &#34;auto&#34;,
                spaceBetween: 40,
                pagination: {&#34;clickable&#34;:true,&#34;dynamicBullets&#34;:true,&#34;el&#34;:&#34;.swiper-pagination&#34;},
                loop: false,
                fadeEffect: {
                    crossFade: true
                },
                navigation: {
                    nextEl: '.swiper-button-next',
                    prevEl: '.swiper-button-prev',
                },
            });
        }
    }" data-astro-cid-okd446ho="true" data-astro-cid-ud5fqf5k style="--flex_inline_gap: 0;--flex_inline_justification: flex-start;">   <div class="[ swiper-slide ]" style="margin-right: 40px" data-astro-cid-krrzwzg5> <div class="wrapper [ card component ] [ relative animate-fade-in-up ] relative animate-fade-in-up [ animate-delay-0 ] light-transparency" data-astro-cid-hkp4z2gm="true" data-mod data-astro-cid-yv35cmqx style="--wrapper_padding_inline: var(--space-l-xl);--wrapper_padding_inline_end: var(--space-l-xl);--wrapper_padding_block: var(--component-padding-block);--wrapper_max_width: 100%;">   <img class="[ z-0 ]" src="/images/corporations-tile-background.jpg" data-astro-cid-hkp4z2gm> <div class="block-list [ relative z-10 !justify-between min-h-[340px] ]" data-astro-cid-hkp4z2gm="true" data-astro-cid-s4x3vzov style="--block_list_gap: var(--space-s);">  <div class="flex-inline" slot="header" data-astro-cid-krrzwzg5="true" data-astro-cid-ud5fqf5k style="--flex_inline_gap: var(--space-2xs);--flex_inline_justification: flex-start;">  <img loading="lazy" src="/images/icons/48px-CorporationIcon.png" width="48" height="48" alt="EVE Online Corporation Icon"> <h2 data-astro-cid-krrzwzg5>Corporations</h2>  </div>   <div class="flex-block gap---space-m" data-astro-cid-hkp4z2gm="true" data-mod style="--flex_block_gap: var(--space-m);">    <p data-astro-cid-krrzwzg5>Strong corporations build strong alliances. Learn more about the corporations, CEOs, and membership that make up the Minmatar Fleet Alliance. Perhaps you can submit an application of your own!</p> <div class="flex-inline" data-astro-cid-krrzwzg5="true" data-astro-cid-ud5fqf5k style="--flex_inline_gap: var(--space-s);--flex_inline_justification: flex-start;">  <a href="/alliance/corporations/list/" data-astro-cid-krrzwzg5="true" data-size="sm" style="--button_background_color: var(--fleet-red); --button_color: var(--fleet-yellow)" data-astro-cid-r5e2wo56="true" class="[ button ]"> <div class="flex-inline" data-astro-cid-r5e2wo56="true" data-astro-cid-ud5fqf5k style="--flex_inline_gap: var(--space-xs);--flex_inline_justification: center;">   View  </div>   </a>   </div>     </div>   </div>     </div>    </div> <div class="[ swiper-slide ]" style="margin-right: 40px" data-astro-cid-krrzwzg5> <div class="wrapper [ card component ] [ relative animate-fade-in-up ] relative animate-fade-in-up [ animate-delay-200 ] light-transparency" data-astro-cid-hkp4z2gm="true" data-mod data-astro-cid-yv35cmqx style="--wrapper_padding_inline: var(--space-l-xl);--wrapper_padding_inline_end: var(--space-l-xl);--wrapper_padding_block: var(--component-padding-block);--wrapper_max_width: 100%;">   <img class="[ z-0 ]" src="/images/sigs-tile-background.jpg" data-astro-cid-hkp4z2gm> <div class="block-list [ relative z-10 !justify-between min-h-[340px] ]" data-astro-cid-hkp4z2gm="true" data-astro-cid-s4x3vzov style="--block_list_gap: var(--space-s);">  <div class="flex-inline" slot="header" data-astro-cid-krrzwzg5="true" data-astro-cid-ud5fqf5k style="--flex_inline_gap: var(--space-2xs);--flex_inline_justification: flex-start;">  <img loading="lazy" src="/images/icons/48px-Grouplist.png" width="48" height="48" alt="EVE Online Group List Icon"> <h2 data-astro-cid-krrzwzg5>Special Interest Groups</h2>  </div>   <div class="flex-block gap---space-m" data-astro-cid-hkp4z2gm="true" data-mod style="--flex_block_gap: var(--space-m);">    <p data-astro-cid-krrzwzg5>The purpose of SIGs is to maintain closeness in a massive sea of pilots, as described in <a target="_blank" rel="noreferrer noopener nofollow" href="https://docs.google.com/presentation/d/12W-SQUbKAVssdTkM9ixTm_uTkJiDKCXdF6SA2O0B1PQ/edit?usp=sharing">Town Hall #6</a>. Ultimately, we need to expand and create ways to maintain a close-knit feel in a large organization.</p> <div class="flex-inline" data-astro-cid-krrzwzg5="true" data-astro-cid-ud5fqf5k style="--flex_inline_gap: var(--space-s);--flex_inline_justification: flex-start;">  <a href="/alliance/sigs/list/" data-astro-cid-krrzwzg5="true" data-size="sm" style="--button_background_color: var(--fleet-red); --button_color: var(--fleet-yellow)" data-astro-cid-r5e2wo56="true" class="[ button ]"> <div class="flex-inline" data-astro-cid-r5e2wo56="true" data-astro-cid-ud5fqf5k style="--flex_inline_gap: var(--space-xs);--flex_inline_justification: center;">   View  </div>   </a>   </div>     </div>   </div>     </div>    </div> <div class="[ swiper-slide ]" data-astro-cid-krrzwzg5> <div class="wrapper [ card component ] [ relative animate-fade-in-up ] relative animate-fade-in-up [ animate-delay-400 ] light-transparency" data-astro-cid-hkp4z2gm="true" data-mod data-astro-cid-yv35cmqx style="--wrapper_padding_inline: var(--space-l-xl);--wrapper_padding_inline_end: var(--space-l-xl);--wrapper_padding_block: var(--component-padding-block);--wrapper_max_width: 100%;">   <img class="[ z-0 ]" src="/images/teams-tile-background.jpg" data-astro-cid-hkp4z2gm> <div class="block-list [ relative z-10 !justify-between min-h-[340px] ]" data-astro-cid-hkp4z2gm="true" data-astro-cid-s4x3vzov style="--block_list_gap: var(--space-s);">  <div class="flex-inline" slot="header" data-astro-cid-krrzwzg5="true" data-astro-cid-ud5fqf5k style="--flex_inline_gap: var(--space-2xs);--flex_inline_justification: flex-start;">  <img loading="lazy" src="/images/icons/48px-Augmentations.png" width="48" height="48" alt="EVE Online Augmentation Icon"> <h2 data-astro-cid-krrzwzg5>Teams</h2>  </div>   <div class="flex-block gap---space-m" data-astro-cid-hkp4z2gm="true" data-mod style="--flex_block_gap: var(--space-m);">    <p data-astro-cid-krrzwzg5>Teams are similar to special interest groups, but without them our alliance would cease to exist. These are people running things behind the curtain to ensure that weâ€™re not going to failcascade in 6 months.</p> <div class="flex-inline" data-astro-cid-krrzwzg5="true" data-astro-cid-ud5fqf5k style="--flex_inline_gap: var(--space-s);--flex_inline_justification: flex-start;">  <a href="/alliance/teams/list/" data-astro-cid-krrzwzg5="true" data-size="sm" style="--button_background_color: var(--fleet-red); --button_color: var(--fleet-yellow)" data-astro-cid-r5e2wo56="true" class="[ button ]"> <div class="flex-inline" data-astro-cid-r5e2wo56="true" data-astro-cid-ud5fqf5k style="--flex_inline_gap: var(--space-xs);--flex_inline_justification: center;">   View  </div>   </a>   </div>     </div>   </div>     </div>    </div>   </div>   <div class="swiper-pagination" data-astro-cid-okd446ho></div>  </div> <div class="[ swiper-button-prev hidden lg:block ]" data-astro-cid-krrzwzg5></div> <div class="[ swiper-button-next hidden lg:block ]" data-astro-cid-krrzwzg5></div>  </div>   "
`;
