// Vitest Snapshot v1, https://vitest.dev/guide/snapshot.html

exports[`AnalizeCombatLogButton defaults 1`] = `
"<div class="[ combatlog-dialog ]" x-data="{
        combatlog_dialog_open: false,
        combatlog: '',
        fitting: '-1',
        fleet: '-1',
        fitting_options: undefined,
        fleets_options: undefined,
        gziped_combatlog: '',
        combatlogfile: '',
        async update_status(combatlogfileinput) {
            let array_buffer = this.str2ab(this.combatlog)

            if (combatlogfileinput) {
                const file = combatlogfileinput.files[0]
                array_buffer = await file.arrayBuffer()
            }

            const compressed_data = pako.gzip(new Uint8Array(array_buffer))
            const b64encoded_string = btoa(String.fromCharCode.apply(null, compressed_data))
            this.gziped_combatlog = b64encoded_string
        },
        str2ab(str) {
            const encoder = new TextEncoder()
            return encoder.encode(str)
        },
        open_dialog() {
            $refs.combatlog_form.reset()
            this.combatlog = ''
            this.combatlogfile = ''
            this.gziped_combatlog = ''
            this.fitting = '-1'
            this.fleet = '-1'

            $nextTick(() => {
                this.combatlog_dialog_open = true
            })
        },
        close_dialog() {
            this.combatlog_dialog_open = false
        }
    }" data-astro-cid-2blntjjt> <button type="button" x-on:click.stop.prevent="open_dialog()" id="analize-combatlog-button" data-astro-cid-2blntjjt="true" data-size="lg" style="--button_background_color: var(--green); --button_color: var(--fleet-yellow)" disabled x-init="$el.removeAttribute(&#34;disabled&#34;)" data-astro-cid-r5e2wo56="true" class="[ button ]"> <div class="flex-inline" data-astro-cid-r5e2wo56="true" data-astro-cid-ud5fqf5k style="--flex_inline_gap: var(--space-xs);--flex_inline_justification: center;">   Analyze Combat Log  </div>   </button>  <div role="dialog" class="dialog solid-transparency breakout non-centered fixed [ combat-log-dialog ][ w-full max-w-[700px] component overflow-y-auto ]" x-bind:class="(combatlog_dialog_open ? 'open' : '')" x-bind:aria-hidden="combatlog_dialog_open == false" x-trap="combatlog_dialog_open" x-bind:inert="!combatlog_dialog_open" @keyup.escape.window="close_dialog()" @mousedown.outside="open &#38;&#38; close_dialog()" data-astro-cid-2blntjjt="true"> <div class="wrapper" data-mod data-astro-cid-yv35cmqx style="--wrapper_padding_inline: var(--space-m);--wrapper_padding_inline_end: var(--space-m);--wrapper_padding_block: var(--space-m);--wrapper_max_width: 80rem;">  <div class="flex-block gap---space-m" data-mod style="--flex_block_gap: var(--space-m);">   <div class="[ cover-body ]">  <form hx-post="/partials/combatlog_analysis_component/" enctype="multipart/form-data" hx-trigger="submit" hx-indicator=".loader" hx-swap="innerHTML transition:true" x-ref="combatlog_form" data-astro-cid-2blntjjt> <div class="flex-block gap---space-l" data-astro-cid-2blntjjt="true" data-mod style="--flex_block_gap: var(--space-l);">  <h3 data-astro-cid-2blntjjt>Analize Combat Log</h3> <div class="flex-block gap---space-s" x-data="{
                        save_log: false,
                        method: 'paste',
                    }" data-astro-cid-2blntjjt="true" data-mod style="--flex_block_gap: var(--space-s);">  <div class="flex-block gap---space-s" data-astro-cid-2blntjjt="true" data-mod style="--flex_block_gap: var(--space-s);">  <p data-astro-cid-2blntjjt>Submit the combat log information using any of the following ways:</p> <div class="flex-inline" data-astro-cid-2blntjjt="true" data-astro-cid-ud5fqf5k style="--flex_inline_gap: var(--space-s);--flex_inline_justification: flex-start;">  <label class="[ cursor-pointer ]" data-astro-cid-umgfmho4> <input type="radio" value="paste" x-model="method" checked data-astro-cid-2blntjjt="true" class="astro-umgfmho4" data-astro-cid-umgfmho4>  <small data-astro-cid-umgfmho4>Paste combat log</small>  </label>  <label class="[ cursor-pointer ]" data-astro-cid-umgfmho4> <input type="radio" value="file" x-model="method" data-astro-cid-2blntjjt="true" class="astro-umgfmho4" data-astro-cid-umgfmho4>  <small data-astro-cid-umgfmho4>Combat log file</small>  </label>   </div>   <div class="block-list [ w-full ]" data-astro-cid-2blntjjt="true" data-astro-cid-s4x3vzov style="--block_list_gap: var(--space-s);">  <div class="flex-block [ w-full ] gap---space-3xs" x-show="method === 'paste'" x-data="{
                                    expanded: false,
                                    toggle_collapse() {
                                        this.expanded = !this.expanded
                                    }
                                }" data-astro-cid-2blntjjt="true" data-mod style="--flex_block_gap: var(--space-3xs);">  <textarea id="combatlog-texarea" x-model="combatlog" x-on:change="update_status()" rows="5" data-astro-cid-2blntjjt="true" data-astro-cid-2vffnk23="true"></textarea>  <button x-on:click="toggle_collapse()" class="[ !w-full ] astro-muoml3se" data-astro-cid-2blntjjt="true" type="button" data-astro-cid-muoml3se> <div class="fluid-fixed [ items-center ]" data-astro-cid-muoml3se="true" data-mod data-astro-cid-rwsocfon style="--fixed_fluid_gap: var(--space-l);--fixed_fluid_width: 20px;--fixed_fluid_breakpoint: 50%;">   <div class="fixed-fluid [ w-full items-center ]" data-astro-cid-2blntjjt="true" data-mod data-astro-cid-34go4nvk style="--fixed_fluid_gap: var(--space-s);--fixed_fluid_width: 48;--fixed_fluid_breakpoint: 70%;">  <picture class="[ hidden sm:block ]" data-astro-cid-2blntjjt> <img loading="lazy" src="/images/icons/48px-Tutorial.png" width="48" height="48" alt="EVE Online Tutorial Icon"> </picture> <small data-astro-cid-2blntjjt>More information on how to copy combatlog</small>  </div>    <svg width="12" height="8" viewBox="0 0 12 8" fill="none" :class="expanded ? 'expanded' : 'collapsed'" data-astro-cid-muoml3se="true"> <path d="M10.59 0.000156279L6 4.58016L1.41 0.000155477L5.24537e-07 1.41016L6 7.41016L12 1.41016L10.59 0.000156279Z" fill="currentColor"></path> </svg>  </div>   </button>  <div x-show="expanded" x-collapse.duration.0ms style="display: none" data-astro-cid-2blntjjt> <video autoplay controls loop class="[ mt-[var(--space-xs)] w-full ]" data-astro-cid-2blntjjt> <source src="/videos/combatlog-tutorial.mp4" type="video/mp4" data-astro-cid-2blntjjt>
Your browser does not support the video tag.
</video> </div>  </div>  <div class="flex-block [ w-full ] gap---space-3xs" x-show="method === 'file'" data-astro-cid-2blntjjt="true" data-mod style="--flex_block_gap: var(--space-3xs);">  <div class="[ input-group ]" data-astro-cid-ovtlrinh style="--width: 100%;">  <input x-model="combatlogfile" type="file" id="combat_log_file" x-on:change="update_status($el)" data-astro-cid-2blntjjt="true" class="astro-ovtlrinh" data-astro-cid-ovtlrinh style="--width: 100%;"> </div>   <small data-astro-cid-2blntjjt>e.g., from HOME\\Documents\\EVE\\logs\\Gamelogs</small>  </div>  <input type="hidden" name="gziped_combatlog" x-model="gziped_combatlog" data-astro-cid-2blntjjt>  </div>    </div>   </div>  <div class="flex-inline" data-astro-cid-2blntjjt="true" data-astro-cid-ud5fqf5k style="--flex_inline_gap: var(--space-s);--flex_inline_justification: flex-end;">  <button x-on:click="close_dialog()" type="submit" data-astro-cid-2blntjjt="true" data-size="sm" style="--button_background_color: var(--fleet-red); --button_color: var(--fleet-yellow)" disabled x-init="$el.removeAttribute(&#34;disabled&#34;)" data-astro-cid-r5e2wo56="true" class="[ button ]"> <div class="flex-inline" data-astro-cid-r5e2wo56="true" data-astro-cid-ud5fqf5k style="--flex_inline_gap: var(--space-xs);--flex_inline_justification: center;">   Submit  </div>   </button>  <button type="button" x-on:click="close_dialog()" data-astro-cid-2blntjjt="true" data-size="sm" style="--button_background_color: var(--fleet-red); --button_color: var(--fleet-yellow)" disabled x-init="$el.removeAttribute(&#34;disabled&#34;)" data-astro-cid-r5e2wo56="true" class="[ button ]"> <div class="flex-inline" data-astro-cid-r5e2wo56="true" data-astro-cid-ud5fqf5k style="--flex_inline_gap: var(--space-xs);--flex_inline_justification: center;">   Close  </div>   </button>   </div>    </div>  </form>  </div>   </div>   </div>   </div>  </div> <script src="https://cdnjs.cloudflare.com/ajax/libs/pako/2.0.4/pako.min.js"></script> "
`;
