// Vitest Snapshot v1, https://vitest.dev/guide/snapshot.html

exports[`AssetItemAlpine defaults 1`] = `"<div data-astro-cid-ekkdkgyu> <template x-if="assets_style === 'list'" data-astro-cid-ekkdkgyu> <div class="fixed-fluid [ asset-item ]" data-astro-cid-ekkdkgyu="true" data-mod data-astro-cid-34go4nvk style="--fixed_fluid_gap: var(--space-s);--fixed_fluid_width: 64px;--fixed_fluid_breakpoint: 50%;">  <picture data-astro-cid-ekkdkgyu> <img loading="lazy" x-bind:src="get_item_icon(asset.id)" width="64" height="64" x-bind:alt="\`\${asset.name} icon\`" data-astro-cid-ekkdkgyu> </picture> <div class="flex-inline" data-astro-cid-ekkdkgyu="true" data-astro-cid-ud5fqf5k style="--flex_inline_gap: var(--space-s);--flex_inline_justification: space-between;">  <div class="!flex !items-center" data-astro-cid-ekkdkgyu="true">  <div class="flex-block [ w-full ] gap-0" data-astro-cid-ekkdkgyu="true" data-mod style="--flex_block_gap: 0;">  <span x-text="\`\${asset.count} x \${asset.name}\`" data-astro-cid-ekkdkgyu></span>  </div>   </div>  </div>    </div>   </template> <template x-if="assets_style === 'icons'" data-astro-cid-ekkdkgyu> <div class="flex-block [ asset-icon ] gap---space-3xs" data-astro-cid-ekkdkgyu="true" data-mod="centered" style="--flex_block_gap: var(--space-3xs);">  <picture data-astro-cid-ekkdkgyu> <img loading="lazy" x-bind:src="get_item_icon(asset.id)" width="64" height="64" x-bind:alt="\`\${asset.name} icon\`" data-astro-cid-ekkdkgyu> </picture> <small x-text="\`\${asset.name}\`" data-astro-cid-ekkdkgyu></small>  </div>  </template> </div> "`;
