// Vitest Snapshot v1, https://vitest.dev/guide/snapshot.html

exports[`AssetsBlock defaults 1`] = `
"<div id="assets-location-list" assets_location="[object Object]"> <div class="flex-block gap-0" x-data="{
        expanded: true,
        location_assets_count: 0,
        collapse() {
            this.expanded = false
        },
        toggle_collapse() {
            this.expanded = !this.expanded
            global_collapse = false
        },
    }" x-effect="global_collapse &#38;&#38; collapse()" data-astro-cid-xzc67zbc="true" data-mod style="--flex_block_gap: 0;">  <div class="[ sticky-header ]" x-bind:style="\`top: \${post_header_height - 2}px;\`" data-astro-cid-xzc67zbc> <div class="wrapper [ card component ] [ border-bottom ] light-transparency" data-astro-cid-xzc67zbc="true" data-mod data-astro-cid-yv35cmqx style="--wrapper_padding_inline: var(--space-l-xl);--wrapper_padding_inline_end: var(--space-l-xl);--wrapper_padding_block: var(--component-padding-block);--wrapper_max_width: var(--max-text-width);">   <button class="[ !block !w-full ] astro-muoml3se" x-on:click="toggle_collapse()" data-astro-cid-xzc67zbc="true" type="button" data-astro-cid-muoml3se> <div class="fluid-fixed [ items-center ]" data-astro-cid-muoml3se="true" data-mod data-astro-cid-rwsocfon style="--fixed_fluid_gap: var(--space-l);--fixed_fluid_width: 20px;--fixed_fluid_breakpoint: 50%;">   <div class="flex-block [ asset-location-item ] [ w-full ] gap-0" data-mod style="--flex_block_gap: 0;">  <span class="text-[var(--highlight)]"> coop </span> <small> 5 assets in inventory </small>  </div>   <svg width="12" height="8" viewBox="0 0 12 8" fill="none" :class="expanded ? 'expanded' : 'collapsed'" data-astro-cid-muoml3se="true"> <path d="M10.59 0.000156279L6 4.58016L1.41 0.000155477L5.24537e-07 1.41016L6 7.41016L12 1.41016L10.59 0.000156279Z" fill="currentColor"></path> </svg>  </div>   </button>    </div>   </div> <div class="wrapper [ card component ] light-transparency" x-show="expanded" x-collapse.duration.0ms="true" data-astro-cid-xzc67zbc="true" data-mod data-astro-cid-yv35cmqx style="--wrapper_padding_inline: var(--space-l-xl);--wrapper_padding_inline_end: var(--space-l-xl);--wrapper_padding_block: var(--component-padding-block);--wrapper_max_width: var(--max-text-width);">     <div class="flex-block [ min-h-[64px] justify-center ] gap---space-3xs" x-show="expanded" x-collapse.duration.100ms="true" data-mod style="--flex_block_gap: var(--space-3xs);"> <div class="fixed-fluid [ asset-item ]" data-mod data-astro-cid-34go4nvk style="--fixed_fluid_gap: var(--space-s);--fixed_fluid_width: 64px;--fixed_fluid_breakpoint: 50%;">  <picture> <img loading="lazy" src="https://images.evetech.net/types/undefined/icon?size=64" width="64" height="64" alt="chickens icon"> </picture> <div class="flex-inline" data-astro-cid-ud5fqf5k style="--flex_inline_gap: var(--space-s);--flex_inline_justification: space-between;">  <div class="!flex !items-center">  <div class="flex-block [ w-full ] gap-0" data-mod style="--flex_block_gap: 0;">  <span> 5 x chickens </span>  </div>   </div>  </div>    </div>   </div>     </div>    </div>   </div>"
`;
