// Vitest Snapshot v1, https://vitest.dev/guide/snapshot.html

exports[`Card defaults 1`] = `"<div class="wrapper [ card component ] [ card card-animated ] light-transparency" data-astro-cid-idiuzidr="true" data-mod data-astro-cid-yv35cmqx style="--wrapper_padding_inline: 0;--wrapper_padding_inline_end: 0;--wrapper_padding_block: 0;--wrapper_max_width: 100%;">   <div class="flex-block gap-0" data-astro-cid-idiuzidr="true" data-mod style="--flex_block_gap: 0;">   <div class="wrapper [ card-body ]" data-astro-cid-idiuzidr="true" data-mod data-astro-cid-yv35cmqx style="--wrapper_padding_inline: var(--space-2xs);--wrapper_padding_inline_end: var(--space-2xs);--wrapper_padding_block: var(--space-2xs);--wrapper_max_width: 80rem;">    </div>   <div class="wrapper [ card-header ]" data-astro-cid-idiuzidr="true" data-mod data-astro-cid-yv35cmqx style="--wrapper_padding_inline: var(--space-2xs);--wrapper_padding_inline_end: var(--space-2xs);--wrapper_padding_block: var(--space-2xs);--wrapper_max_width: 80rem;">    </div>   <div class="wrapper [ card-actions ]" data-astro-cid-idiuzidr="true" data-mod data-astro-cid-yv35cmqx style="--wrapper_padding_inline: var(--space-2xs);--wrapper_padding_inline_end: var(--space-2xs);--wrapper_padding_block: var(--space-2xs);--wrapper_max_width: 80rem;">    </div>    </div>    </div>   "`;
