// Vitest Snapshot v1, https://vitest.dev/guide/snapshot.html

exports[`CharacterInfo > should dispaly fireworks for birthdays 1`] = `
"<div class="wrapper character-info overflow-y-auto" id="character-info" x-data="{
        tippy_options: {
            delay: [ 100, 200 ],
            arrow: true,
        },
        init_js() {
            tippy('[data-tippy-content]', this.tippy_options)
        }
    }" x-init="init_js()" data-astro-cid-z2yiyvvw="true" data-mod data-astro-cid-yv35cmqx style="--wrapper_padding_inline: var(--space-s);--wrapper_padding_inline_end: var(--space-s);--wrapper_padding_block: var(--space-s);--wrapper_max_width: 80rem;"> <div class="character-info-cover chicken.gif" data-astro-cid-z2yiyvvw></div>
        
        <div class="flex-block gap---space-s" data-astro-cid-z2yiyvvw="true" data-mod style="--flex_block_gap: var(--space-s);">  <div class="fixed-fluid [ items-center ]" data-astro-cid-z2yiyvvw="true" data-mod data-astro-cid-34go4nvk style="--fixed_fluid_gap: var(--space-s);--fixed_fluid_width: 192px;--fixed_fluid_breakpoint: 50%;">  <picture data-astro-cid-z2yiyvvw> <img loading="lazy" width="192" height="192" src="https://images.evetech.net/characters/908/portrait?size=256" data-astro-cid-z2yiyvvw> </picture> <div class="[ fluid-fixed-l ]" class="[ w-full ]" style="--fluid-fixed--width: 32px" data-astro-cid-z2yiyvvw> <div class="!flex !items-center" data-astro-cid-z2yiyvvw="true">  <div class="flex-block [ w-full ] gap---space-xs" data-astro-cid-z2yiyvvw="true" data-mod style="--flex_block_gap: var(--space-xs);">  <div class="flex-block [ w-full relative ] gap---space-3xs" data-astro-cid-z2yiyvvw="true" data-mod style="--flex_block_gap: var(--space-3xs);">  <span class="[ text-[var(--highlight)] ]" data-astro-cid-z2yiyvvw>Cluckin Kento</span> <small data-astro-cid-z2yiyvvw>
Born:
<span data-tippy-content="mock human date" data-astro-cid-z2yiyvvw>mock date format</span>  </small> <small data-astro-cid-z2yiyvvw>Security Status: -10.0</small>  </div>  <div class="flex-block [ w-full ] gap---space-3xs" data-astro-cid-z2yiyvvw="true" data-mod style="--flex_block_gap: var(--space-3xs);">  CorporationBadge_mock AllianceBadge_mock<div class="flex-inline" data-astro-cid-ud5fqf5k style="--flex_inline_gap: var(--space-3xs);--flex_inline_justification: flex-start;"> <a data-tippy-content="Zkillboard" class="[ w-[32px] neocom-button neocom-button-focus ]" target="_blank" rel="nofollow noopener noreferrer" x-data="{
            show_external_link_disclaimer() {
                show_alert_dialog({
                    title: 'Youâ€™re Leaving Our Site',
                    content: 'The link you clicked will take you to an external website.',
                }).then( (accepted) => accepted &#38;&#38; window.location.href = &#34;undefined&#34; )
            }
        }" x-on:click.prevent="show_external_link_disclaimer"> <img loading="lazy" class="[ max-w-[100%] h-auto ]" src="/images/icons/48px-Combatlog.png" width="48" height="48" alt="EVE Online Combat Log Icon"> </a>  </div>    </div>   </div>   </div> <div class="!flex !items-center" data-astro-cid-z2yiyvvw="true">  <picture data-astro-cid-z2yiyvvw>  <svg class="[ w-full ]" xmlns="http://www.w3.org/2000/svg" xmlns:xlink="http://www.w3.org/1999/xlink" viewBox="-0.393 -0.315 143 143" xml:space="preserve"> <defs></defs> <g> <path d="M112.727,14.19L82.745,69.283c-5.087-4.35-11.397-6.926-18.234-6.926c-16.848,0-30.507,15.643-30.507,34.94    c0,13.53,7.927,24.501,17.206,30.84c8.531,5.829,18.532,8.477,29.511,8.477c33.695,0,61.012-28.25,61.012-63.098    C141.732,49.158,130.313,27.568,112.727,14.19 M65.053,54.267c5.418,0,10.604,1.058,15.388,2.991l25.272-47.77    C95.424,3.448,83.533,0,70.865,0c-8.779,0-17.184,1.661-24.943,4.689l16.473,49.673C63.275,54.305,64.16,54.267,65.053,54.267     M53.351,55.982L37.629,8.576C23.297,16.487,11.891,29.351,5.541,44.971l29.92,21.715C40.469,61.717,46.576,57.998,53.351,55.982     M29.668,73.721L2.524,54.02C0.881,60.229,0,66.765,0,73.516c0,7.693,1.145,15.108,3.258,22.078h18.574    C22.662,87.491,25.446,80.021,29.668,73.721 M21.732,104.688H6.68c7.765,17.178,21.738,30.734,38.932,37.539    C32.411,135.173,23.048,121.157,21.732,104.688" fill="#653834"></path> </g> </svg>   </picture>  </div> </div>  </div>   <div class="wrapper [ card component ] light-transparency" data-astro-cid-z2yiyvvw="true" data-mod data-astro-cid-yv35cmqx style="--wrapper_padding_inline: var(--space-l-xl);--wrapper_padding_inline_end: var(--space-l-xl);--wrapper_padding_block: var(--component-padding-block);--wrapper_max_width: 100%;">   <div class="flex-block gap---space-xs" data-astro-cid-z2yiyvvw="true" data-mod style="--flex_block_gap: var(--space-xs);">  <h4>Description</h4>  <div data-astro-cid-z2yiyvvw></div>   </div>    </div>  <div class="wrapper [ card component ] light-transparency" data-astro-cid-z2yiyvvw="true" data-mod data-astro-cid-yv35cmqx style="--wrapper_padding_inline: var(--space-l-xl);--wrapper_padding_inline_end: var(--space-l-xl);--wrapper_padding_block: var(--component-padding-block);--wrapper_max_width: 100%;">   CorporationHistory_mock   </div>    </div>  </div>   "
`;
