// Vitest Snapshot v1, https://vitest.dev/guide/snapshot.html

exports[`CorporationInfo defaults 1`] = `
"<div class="wrapper corporation-info overflow-y-auto" id="corporation-info" x-data="{
        tippy_options: {
            delay: [ 100, 200 ],
            arrow: true,
        },
        init_js() {
            tippy('[data-tippy-content]', this.tippy_options)
        }
    }" x-init="init_js()" data-astro-cid-76tefetw="true" data-mod data-astro-cid-yv35cmqx style="--wrapper_padding_inline: var(--space-s);--wrapper_padding_inline_end: var(--space-s);--wrapper_padding_block: var(--space-s);--wrapper_max_width: 80rem;"> <div class="flex-block gap---space-s" data-astro-cid-76tefetw="true" data-mod style="--flex_block_gap: var(--space-s);">  <div class="fixed-fluid [ items-center ]" data-astro-cid-76tefetw="true" data-mod data-astro-cid-34go4nvk style="--fixed_fluid_gap: var(--space-s);--fixed_fluid_width: 96px;--fixed_fluid_breakpoint: 50%;">  <picture data-astro-cid-76tefetw> <img loading="lazy" width="96" height="96" src="https://images.evetech.net/corporations/undefined/logo?size=128" data-astro-cid-76tefetw> </picture> <div class="[ fluid-fixed-l ]" class="[ w-full ]" style="--fluid-fixed--width: 32px" data-astro-cid-76tefetw> <div class="!flex !items-center" data-astro-cid-76tefetw="true">  <div class="flex-block [ w-full ] gap---space-3xs" data-astro-cid-76tefetw="true" data-mod style="--flex_block_gap: var(--space-3xs);">  <div class="flex-block [ w-full ] gap-0" data-astro-cid-76tefetw="true" data-mod style="--flex_block_gap: 0;">  <span class="[ text-[var(--highlight)] ]" data-astro-cid-76tefetw>chicken attack</span> AllianceBadge_component </div>  <a data-tippy-content="Zkillboard" class="[ w-[32px] neocom-button neocom-button-focus ]" href="https://zkillboard.com/corporation/undefined/" target="_blank" rel="nofollow noopener noreferrer" data-astro-cid-76tefetw> <img loading="lazy" class="[ max-w-[100%] h-auto ]" src="/images/icons/48px-Combatlog.png" width="48" height="48" alt="EVE Online Combat Log Icon"> </a>  </div>   </div> <div class="!flex !items-center" data-astro-cid-76tefetw="true">  <picture data-astro-cid-76tefetw>     </picture>  </div> </div>  </div>   <div class="wrapper [ card component ] light-transparency" data-astro-cid-76tefetw="true" data-mod data-astro-cid-yv35cmqx style="--wrapper_padding_inline: var(--space-l-xl);--wrapper_padding_inline_end: var(--space-l-xl);--wrapper_padding_block: var(--component-padding-block);--wrapper_max_width: 100%;">   <div class="flex-block gap---space-xs" data-astro-cid-76tefetw="true" data-mod style="--flex_block_gap: var(--space-xs);">  <h4>Requirements</h4>  <div data-astro-cid-76tefetw><p>chicken</p>
</div>   </div>    </div>   </div>  </div>   "
`;
