// Vitest Snapshot v1, https://vitest.dev/guide/snapshot.html

exports[`CorporationList defaults 1`] = `
"<div class="flex-block corporation-list gap---space-s" x-data="{
        corporations: [],
        corporations_ids: [],
        generate_ids() {
            this.corporations_ids = this.corporations.map(e => e.corporation_id).join(',')
        },
        
    }" x-init="generate_ids" data-astro-cid-m6vonwzh="true" data-mod style="--flex_block_gap: var(--space-s);">  <div class="flex-inline" data-astro-cid-m6vonwzh="true" data-astro-cid-ud5fqf5k style="--flex_inline_gap: var(--space-s);--flex_inline_justification: space-between;">  <div class="flex-block gap---space-3xs" data-astro-cid-m6vonwzh="true" data-mod style="--flex_block_gap: var(--space-3xs);">  <h2 data-astro-cid-m6vonwzh>Corporations</h2> <small class="!mt-[var(--space-3xs)]" x-text="\`\${corporations.length} corporation\${corporations.length != 1 ? \`s\` : \`\`}\`" data-astro-cid-m6vonwzh>0 corporations</small>  </div>   </div>   <div class="flex-block gap---space-3xs" data-astro-cid-m6vonwzh="true" data-mod style="--flex_block_gap: var(--space-3xs);">  <template x-for="corporation in corporations" data-astro-cid-m6vonwzh> <div class="fixed-fluid [ corporation-item ]" data-astro-cid-m6vonwzh="true" data-mod data-astro-cid-34go4nvk style="--fixed_fluid_gap: var(--space-s);--fixed_fluid_width: 64px;--fixed_fluid_breakpoint: 50%;">  <picture data-astro-cid-m6vonwzh> <img loading="lazy" x-bind:src="get_corporation_logo(corporation.corporation_id, 256)" width="64" height="64" alt="corporation.alt" data-astro-cid-m6vonwzh> </picture> <div class="fluid-fixed" data-astro-cid-m6vonwzh="true" data-mod data-astro-cid-rwsocfon style="--fixed_fluid_gap: var(--space-s);--fixed_fluid_width: 46px;--fixed_fluid_breakpoint: 60%;">  <div class="!flex !items-center" data-astro-cid-m6vonwzh="true">  <div class="flex-block [ w-full ] gap-0" data-astro-cid-m6vonwzh="true" data-mod style="--flex_block_gap: 0;">  <span class="truncate text-[var(--highlight)]" x-text="corporation.name" data-astro-cid-m6vonwzh></span> <small class="truncate" x-text="corporation.members_count+' members count'" data-astro-cid-m6vonwzh></small>  </div>   </div> <div class="!flex !items-center" data-astro-cid-m6vonwzh="true">  </div>  </div>    </div>   </template> <p x-bind:class="{ hidden: corporations.length > 0 }" data-astro-cid-m6vonwzh>No corporation found.</p> </div>  <input type="hidden" name="corporations" x-model="corporations_ids" data-astro-cid-m6vonwzh>  </div>  "
`;
