// Vitest Snapshot v1, https://vitest.dev/guide/snapshot.html

exports[`CorporationFinder defaults 1`] = `
"<div class="[ corporations_finder ]" x-data="{
        filter: '',
        show_item(el) {
            const name_container = el.querySelector('span')
            const show_item = (
                this.filter != '' &#38;&#38; name_container.textContent.toLowerCase().includes(this.filter.toLowerCase())
            )

            return show_item
        }
    }" data-astro-cid-gajffecf> <div role="dialog" class="dialog solid-transparency breakout fixed [ w-full max-w-[500px] ]" x-bind:class="(corporations_finder_open ? 'open' : '')" x-bind:aria-hidden="corporations_finder_open == false" x-trap="corporations_finder_open" x-bind:inert="!corporations_finder_open" data-astro-cid-gajffecf="true"> <div class="wrapper" data-mod data-astro-cid-yv35cmqx style="--wrapper_padding_inline: var(--space-m);--wrapper_padding_inline_end: var(--space-m);--wrapper_padding_block: var(--space-m);--wrapper_max_width: 80rem;">  <div class="flex-block gap---space-m" data-mod style="--flex_block_gap: var(--space-m);">   <div class="[ cover-body ]">  <div class="[ input-group ]" data-astro-cid-ovtlrinh style="--width: 100%;">  <input placeholder="Type corporation name to find" x-model="filter" data-astro-cid-gajffecf="true" class="astro-ovtlrinh" data-astro-cid-ovtlrinh style="--width: 100%;"> </div>   <div class="[ relative ]" data-astro-cid-gajffecf> <div class="flex-block [ corporation-list ][ light-transparency w-full ] gap-0" data-astro-cid-gajffecf="true" data-mod style="--flex_block_gap: 0;"> <button type="button" corporation-finder-action="accept" corporation-finder-data="{&#34;id&#34;:1,&#34;name&#34;:&#34;Rattini Tribe&#34;,&#34;members_count&#34;:316,&#34;corporation_id&#34;:98726134}" x-show="show_item($el)" x-on:click="(filter = '')" data-astro-cid-gajffecf> <div class="fixed-fluid" data-astro-cid-gajffecf="true" data-mod data-astro-cid-34go4nvk style="--fixed_fluid_gap: var(--space-s);--fixed_fluid_width: 64px;--fixed_fluid_breakpoint: 50%;">  <picture data-astro-cid-gajffecf> <img loading="lazy" src="https://images.evetech.net/corporations/98726134/logo?size=64" height="64" width="64" alt="Rattini Tribe profile picture" data-astro-cid-gajffecf> </picture> <div class="!flex !items-center" data-astro-cid-gajffecf="true">  <div class="flex-block [ items-start ] gap-0" data-astro-cid-gajffecf="true" data-mod style="--flex_block_gap: 0;">  <span class="[ truncate ]" data-astro-cid-gajffecf>Rattini Tribe</span> <small data-astro-cid-gajffecf>316 members count</small>  </div>   </div>  </div>   </button><button type="button" corporation-finder-action="accept" corporation-finder-data="{&#34;id&#34;:2,&#34;name&#34;:&#34;Black Omega Security&#34;,&#34;members_count&#34;:356,&#34;corporation_id&#34;:263585335}" x-show="show_item($el)" x-on:click="(filter = '')" data-astro-cid-gajffecf> <div class="fixed-fluid" data-astro-cid-gajffecf="true" data-mod data-astro-cid-34go4nvk style="--fixed_fluid_gap: var(--space-s);--fixed_fluid_width: 64px;--fixed_fluid_breakpoint: 50%;">  <picture data-astro-cid-gajffecf> <img loading="lazy" src="https://images.evetech.net/corporations/263585335/logo?size=64" height="64" width="64" alt="Black Omega Security profile picture" data-astro-cid-gajffecf> </picture> <div class="!flex !items-center" data-astro-cid-gajffecf="true">  <div class="flex-block [ items-start ] gap-0" data-astro-cid-gajffecf="true" data-mod style="--flex_block_gap: 0;">  <span class="[ truncate ]" data-astro-cid-gajffecf>Black Omega Security</span> <small data-astro-cid-gajffecf>356 members count</small>  </div>   </div>  </div>   </button><button type="button" corporation-finder-action="accept" corporation-finder-data="{&#34;id&#34;:2,&#34;name&#34;:&#34;Balls Deep Inc.&#34;,&#34;members_count&#34;:43,&#34;corporation_id&#34;:98252708}" x-show="show_item($el)" x-on:click="(filter = '')" data-astro-cid-gajffecf> <div class="fixed-fluid" data-astro-cid-gajffecf="true" data-mod data-astro-cid-34go4nvk style="--fixed_fluid_gap: var(--space-s);--fixed_fluid_width: 64px;--fixed_fluid_breakpoint: 50%;">  <picture data-astro-cid-gajffecf> <img loading="lazy" src="https://images.evetech.net/corporations/98252708/logo?size=64" height="64" width="64" alt="Balls Deep Inc. profile picture" data-astro-cid-gajffecf> </picture> <div class="!flex !items-center" data-astro-cid-gajffecf="true">  <div class="flex-block [ items-start ] gap-0" data-astro-cid-gajffecf="true" data-mod style="--flex_block_gap: 0;">  <span class="[ truncate ]" data-astro-cid-gajffecf>Balls Deep Inc.</span> <small data-astro-cid-gajffecf>43 members count</small>  </div>   </div>  </div>   </button> </div>  </div>  </div>   </div>   </div>   </div>  <div x-bind:class="(corporations_finder_open ? 'open' : '')" corporation-finder-action="close" x-on:click="(filter = '')" data-astro-cid-gajffecf></div> </div> "
`;
