// Vitest Snapshot v1, https://vitest.dev/guide/snapshot.html

exports[`CorporationApplication defaults 1`] = `
"<div class="flex-block gap---space-l" id="corporation-application" x-data="{
        init() {
            
        }
    }" data-mod style="--flex_block_gap: var(--space-l);">  <div class="flex-inline" data-astro-cid-ud5fqf5k style="--flex_inline_gap: var(--space-s);--flex_inline_justification: space-between;">  <div class="[ grow ]"> CorporationBadge_component </div> <div class="flex-inline" data-astro-cid-ud5fqf5k style="--flex_inline_gap: var(--space-s);--flex_inline_justification: flex-start;"> <button type="button" x-data="{
                        show_accept_application_dialog() {
                            show_confirm_dialog({
                                title: 'Accept application',
                                partial: '/partials/dialog_with_application/?character=%7B%22character_id%22%3A9909%2C%22character_name%22%3A%22Bob%22%2C%22corporation%22%3A%7B%22id%22%3A76%2C%22name%22%3A%22bagok%22%7D%7D&#38;corporation=%7B%22id%22%3A76%2C%22name%22%3A%22rawr%22%7D&#38;application_id=12&#38;type=accept&#38;message=Proceed+accepting+the+application%3F',
                                hx: {
                                    method: 'post',
                                    url: '/partials/corporation_application_component?corporation=%7B%22id%22%3A76%2C%22name%22%3A%22rawr%22%7D&#38;application_id=12&#38;action=accept',
                                    target: '#corporation-application',
                                    swap: 'outerHTML transition:true'
                                }
                            })
                        }
                    }" x-on:click="show_accept_application_dialog()" data-size="sm" style="--button_background_color: var(--green); --button_color: var(--fleet-yellow)" disabled x-init="$el.removeAttribute(&#34;disabled&#34;)" data-astro-cid-r5e2wo56="true" class="[ button ]"> <div class="flex-inline" data-astro-cid-r5e2wo56="true" data-astro-cid-ud5fqf5k style="--flex_inline_gap: var(--space-xs);--flex_inline_justification: center;">   Accept  </div>   </button> 
                
                <button x-data="{
                        show_deny_application_dialog() {
                            show_confirm_dialog({
                                title: 'Deny application',
                                partial: '/partials/dialog_with_application/?character=%7B%22character_id%22%3A9909%2C%22character_name%22%3A%22Bob%22%2C%22corporation%22%3A%7B%22id%22%3A76%2C%22name%22%3A%22bagok%22%7D%7D&#38;corporation=%7B%22id%22%3A76%2C%22name%22%3A%22rawr%22%7D&#38;application_id=12&#38;type=deny&#38;message=Proceed+denying+the+application%3F',
                                hx: {
                                    method: 'post',
                                    url: '/partials/corporation_application_component?corporation=%7B%22id%22%3A76%2C%22name%22%3A%22rawr%22%7D&#38;application_id=12&#38;action=deny',
                                    target: '#corporation-application',
                                    swap: 'outerHTML transition:true'
                                }
                            })
                        }
                    }" x-on:click="show_deny_application_dialog()" data-size="sm" style="--button_background_color: var(--fleet-red); --button_color: var(--fleet-yellow)" disabled x-init="$el.removeAttribute(&#34;disabled&#34;)" data-astro-cid-r5e2wo56="true" class="[ button ]"> <div class="flex-inline" data-astro-cid-r5e2wo56="true" data-astro-cid-ud5fqf5k style="--flex_inline_gap: var(--space-xs);--flex_inline_justification: center;">   Deny  </div>   </button>  </div>    </div>   <div class="fixed-fluid" data-mod data-astro-cid-34go4nvk style="--fixed_fluid_gap: var(--space-s);--fixed_fluid_width: 350px;--fixed_fluid_breakpoint: 50%;">  <div class="flex-block [ w-full ] gap---space-3xs" data-mod style="--flex_block_gap: var(--space-3xs);">   PilotBadge_component   </div>  <div class="flex-block gap---space-l" data-mod style="--flex_block_gap: var(--space-l);">  <div class="flex-inline" data-astro-cid-ud5fqf5k style="--flex_inline_gap: var(--space-s);--flex_inline_justification: flex-start;">  <div class="flex-block [ basis-[250px] ] gap---space-3xs" data-mod style="--flex_block_gap: var(--space-3xs);">  <label>Date of creation</label> <p>Invalid Date</p>  </div>   </div>   <div class="flex-block [ w-full ] gap---space-3xs" data-mod style="--flex_block_gap: var(--space-3xs);">   <label>Application text</label> <div class="flex-block gap---space-s" data-mod style="--flex_block_gap: var(--space-s);"> <p>I want to blow up noobs</p>
 </div>    </div>   </div>   </div>    </div> "
`;
